          <idle>-0     [000]  2157.241191: sched_switch:         prev_comm=swapper/0 prev_pid=0 prev_prio=120 prev_state=R ==> next_comm=trace-cmd next_pid=1090 next_prio=120 Latency: 14.792 usecs
       trace-cmd-1090  [000]  2157.241222: sched_switch:         prev_comm=trace-cmd prev_pid=1090 prev_prio=120 prev_state=S ==> next_comm=swapper/0 next_pid=0 next_prio=120
          <idle>-0     [000]  2157.241867: sched_wakeup:         comm=rcu_sched pid=10 prio=120 success=1 target_cpu=000
          <idle>-0     [000]  2157.241946: sched_switch:         prev_comm=swapper/0 prev_pid=0 prev_prio=120 prev_state=R ==> next_comm=rcu_sched next_pid=10 next_prio=120 Latency: 78.458 usecs
       rcu_sched-10    [000]  2157.241966: sched_switch:         prev_comm=rcu_sched prev_pid=10 prev_prio=120 prev_state=S ==> next_comm=swapper/0 next_pid=0 next_prio=120
          <idle>-0     [000]  2157.242275: sched_wakeup:         comm=trace-cmd pid=1090 prio=120 success=1 target_cpu=000
          <idle>-0     [000]  2157.242289: sched_switch:         prev_comm=swapper/0 prev_pid=0 prev_prio=120 prev_state=R ==> next_comm=trace-cmd next_pid=1090 next_prio=120 Latency: 14.625 usecs
       trace-cmd-1090  [000]  2157.242326: sched_switch:         prev_comm=trace-cmd prev_pid=1090 prev_prio=120 prev_state=S ==> next_comm=swapper/0 next_pid=0 next_prio=120
          <idle>-0     [000]  2157.243378: sched_wakeup:         comm=trace-cmd pid=1090 prio=120 success=1 target_cpu=000
          <idle>-0     [000]  2157.243392: sched_switch:         prev_comm=swapper/0 prev_pid=0 prev_prio=120 prev_state=R ==> next_comm=trace-cmd next_pid=1090 next_prio=120 Latency: 14.291 usecs
       trace-cmd-1090  [000]  2157.243422: sched_switch:         prev_comm=trace-cmd prev_pid=1090 prev_prio=120 prev_state=S ==> next_comm=swapper/0 next_pid=0 next_prio=120
          <idle>-0     [000]  2157.244478: sched_wakeup:         comm=trace-cmd pid=1090 prio=120 success=1 target_cpu=000
          <idle>-0     [000]  2157.244500: sched_switch:         prev_comm=swapper/0 prev_pid=0 prev_prio=120 prev_state=R ==> next_comm=trace-cmd next_pid=1090 next_prio=120 Latency: 22.042 usecs
       trace-cmd-1090  [000]  2157.244534: sched_switch:         prev_comm=trace-cmd prev_pid=1090 prev_prio=120 prev_state=S ==> next_comm=swapper/0 next_pid=0 next_prio=120
          <idle>-0     [000]  2157.245586: sched_wakeup:         comm=trace-cmd pid=1090 prio=120 success=1 target_cpu=000
          <idle>-0     [000]  2157.245607: sched_switch:         prev_comm=swapper/0 prev_pid=0 prev_prio=120 prev_state=R ==> next_comm=trace-cmd next_pid=1090 next_prio=120 Latency: 20.459 usecs
       trace-cmd-1090  [000]  2157.245638: sched_switch:         prev_comm=trace-cmd prev_pid=1090 prev_prio=120 prev_state=S ==> next_comm=swapper/0 next_pid=0 next_prio=120
          <idle>-0     [000]  2157.246696: sched_wakeup:         comm=trace-cmd pid=1090 prio=120 success=1 target_cpu=000
          <idle>-0     [000]  2157.246716: sched_switch:         prev_comm=swapper/0 prev_pid=0 prev_prio=120 prev_state=R ==> next_comm=trace-cmd next_pid=1090 next_prio=120 Latency: 20.916 usecs
       trace-cmd-1090  [000]  2157.246747: sched_switch:         prev_comm=trace-cmd prev_pid=1090 prev_prio=120 prev_state=S ==> next_comm=swapper/0 next_pid=0 next_prio=120
          <idle>-0     [000]  2157.247720: sched_wakeup:         comm=stress-ng-sleep pid=1103 prio=120 success=1 target_cpu=000
          <idle>-0     [000]  2157.247740: sched_switch:         prev_comm=swapper/0 prev_pid=0 prev_prio=120 prev_state=R ==> next_comm=stress-ng-sleep next_pid=1103 next_prio=120 Latency: 20.333 usecs
 stress-ng-sleep-1103  [000]  2157.247807: sched_wakeup:         comm=trace-cmd pid=1090 prio=120 success=1 target_cpu=000
 stress-ng-sleep-1103  [000]  2157.247868: sched_wakeup:         comm=stress-ng-sleep pid=1092 prio=120 success=1 target_cpu=000
 stress-ng-sleep-1103  [000]  2157.247944: sched_switch:         prev_comm=stress-ng-sleep prev_pid=1103 prev_prio=120 prev_state=x ==> next_comm=stress-ng-sleep next_pid=1092 next_prio=120 Latency: 76.541 usecs
 stress-ng-sleep-1092  [000]  2157.249747: sched_wakeup:         comm=rcu_sched pid=10 prio=120 success=1 target_cpu=000
 stress-ng-sleep-1092  [000]  2157.250043: sched_switch:         prev_comm=stress-ng-sleep prev_pid=1092 prev_prio=120 prev_state=R ==> next_comm=rcu_sched next_pid=10 next_prio=120 Latency: 295.917 usecs
       rcu_sched-10    [000]  2157.250078: sched_switch:         prev_comm=rcu_sched prev_pid=10 prev_prio=120 prev_state=S ==> next_comm=stress-ng-sleep next_pid=1092 next_prio=120
 stress-ng-sleep-1092  [000]  2157.250142: sched_wakeup:         comm=stress-ng pid=1091 prio=120 success=1 target_cpu=000
 stress-ng-sleep-1092  [000]  2157.250154: sched_switch:         prev_comm=stress-ng-sleep prev_pid=1092 prev_prio=120 prev_state=x ==> next_comm=stress-ng next_pid=1091 next_prio=120 Latency: 11.584 usecs
       stress-ng-1091  [000]  2157.251694: sched_wakeup:         comm=rcu_sched pid=10 prio=120 success=1 target_cpu=000
       stress-ng-1091  [000]  2157.251751: sched_switch:         prev_comm=stress-ng prev_pid=1091 prev_prio=120 prev_state=R ==> next_comm=rcu_sched next_pid=10 next_prio=120 Latency: 56.500 usecs
       rcu_sched-10    [000]  2157.251787: sched_switch:         prev_comm=rcu_sched prev_pid=10 prev_prio=120 prev_state=S ==> next_comm=stress-ng next_pid=1091 next_prio=120
       stress-ng-1091  [000]  2157.253622: sched_wakeup:         comm=rcu_sched pid=10 prio=120 success=1 target_cpu=000
       stress-ng-1091  [000]  2157.253666: sched_switch:         prev_comm=stress-ng prev_pid=1091 prev_prio=120 prev_state=R ==> next_comm=rcu_sched next_pid=10 next_prio=120 Latency: 43.792 usecs
       rcu_sched-10    [000]  2157.253695: sched_switch:         prev_comm=rcu_sched prev_pid=10 prev_prio=120 prev_state=S ==> next_comm=trace-cmd next_pid=1090 next_prio=120 Latency: 5888.042 usecs
       trace-cmd-1090  [000]  2157.253778: sched_switch:         prev_comm=trace-cmd prev_pid=1090 prev_prio=120 prev_state=S ==> next_comm=stress-ng next_pid=1091 next_prio=120
       stress-ng-1091  [000]  2157.253999: sched_wakeup:         comm=trace-cmd pid=1089 prio=120 success=1 target_cpu=000
       stress-ng-1091  [000]  2157.254018: sched_switch:         prev_comm=stress-ng prev_pid=1091 prev_prio=120 prev_state=x ==> next_comm=trace-cmd next_pid=1089 next_prio=120 Latency: 19.667 usecs

Average wakeup latency: 174.826 usecs
Maximum Latency: 9334.167 usecs at timestamp: 2148.167211
Minimum Latency: 5.333 usecs at timestamp: 2152.796535

RT task timings:

Average wakeup latency: 60.903 usecs
Maximum Latency: 76.042 usecs at timestamp: 2156.134520
Minimum Latency: 40.292 usecs at timestamp: 2152.134481

