          <idle>-0     [000]   457.312824: sched_switch:         prev_comm=swapper/0 prev_pid=0 prev_prio=120 prev_state=R ==> next_comm=stress-ng-sleep next_pid=257 next_prio=120 Latency: 14.542 usecs
 stress-ng-sleep-257   [000]   457.312949: sched_switch:         prev_comm=stress-ng-sleep prev_pid=257 prev_prio=120 prev_state=x ==> next_comm=trace-cmd next_pid=252 next_prio=120 Latency: 153.958 usecs
       trace-cmd-252   [000]   457.313124: sched_switch:         prev_comm=trace-cmd prev_pid=252 prev_prio=120 prev_state=S ==> next_comm=swapper/0 next_pid=0 next_prio=120
          <idle>-0     [000]   457.314097: sched_wakeup:         comm=stress-ng-sleep pid=258 prio=120 success=1 target_cpu=000
          <idle>-0     [000]   457.314135: sched_wakeup:         comm=rcu_sched pid=10 prio=120 success=1 target_cpu=000
          <idle>-0     [000]   457.314149: sched_switch:         prev_comm=swapper/0 prev_pid=0 prev_prio=120 prev_state=R ==> next_comm=rcu_sched next_pid=10 next_prio=120 Latency: 13.542 usecs
       rcu_sched-10    [000]   457.314170: sched_wakeup:         comm=trace-cmd pid=252 prio=120 success=1 target_cpu=000
       rcu_sched-10    [000]   457.314194: sched_switch:         prev_comm=rcu_sched prev_pid=10 prev_prio=120 prev_state=S ==> next_comm=stress-ng-sleep next_pid=258 next_prio=120 Latency: 97.208 usecs
 stress-ng-sleep-258   [000]   457.314328: sched_switch:         prev_comm=stress-ng-sleep prev_pid=258 prev_prio=120 prev_state=x ==> next_comm=trace-cmd next_pid=252 next_prio=120 Latency: 158.208 usecs
       trace-cmd-252   [000]   457.314375: sched_switch:         prev_comm=trace-cmd prev_pid=252 prev_prio=120 prev_state=S ==> next_comm=swapper/0 next_pid=0 next_prio=120
          <idle>-0     [000]   457.315429: sched_wakeup:         comm=trace-cmd pid=252 prio=120 success=1 target_cpu=000
          <idle>-0     [000]   457.315445: sched_switch:         prev_comm=swapper/0 prev_pid=0 prev_prio=120 prev_state=R ==> next_comm=trace-cmd next_pid=252 next_prio=120 Latency: 16.000 usecs
       trace-cmd-252   [000]   457.315477: sched_switch:         prev_comm=trace-cmd prev_pid=252 prev_prio=120 prev_state=S ==> next_comm=swapper/0 next_pid=0 next_prio=120
          <idle>-0     [000]   457.316087: sched_wakeup:         comm=rcu_sched pid=10 prio=120 success=1 target_cpu=000
          <idle>-0     [000]   457.316111: sched_switch:         prev_comm=swapper/0 prev_pid=0 prev_prio=120 prev_state=R ==> next_comm=rcu_sched next_pid=10 next_prio=120 Latency: 24.041 usecs
       rcu_sched-10    [000]   457.316137: sched_switch:         prev_comm=rcu_sched prev_pid=10 prev_prio=120 prev_state=S ==> next_comm=swapper/0 next_pid=0 next_prio=120
          <idle>-0     [000]   457.316530: sched_wakeup:         comm=trace-cmd pid=252 prio=120 success=1 target_cpu=000
          <idle>-0     [000]   457.316545: sched_switch:         prev_comm=swapper/0 prev_pid=0 prev_prio=120 prev_state=R ==> next_comm=trace-cmd next_pid=252 next_prio=120 Latency: 14.917 usecs
       trace-cmd-252   [000]   457.316578: sched_switch:         prev_comm=trace-cmd prev_pid=252 prev_prio=120 prev_state=S ==> next_comm=swapper/0 next_pid=0 next_prio=120
          <idle>-0     [000]   457.317108: sched_wakeup:         comm=stress-ng-sleep pid=256 prio=120 success=1 target_cpu=000
          <idle>-0     [000]   457.317118: sched_wakeup:         comm=stress-ng-sleep pid=262 prio=120 success=1 target_cpu=000
          <idle>-0     [000]   457.317132: sched_switch:         prev_comm=swapper/0 prev_pid=0 prev_prio=120 prev_state=R ==> next_comm=stress-ng-sleep next_pid=256 next_prio=120 Latency: 23.916 usecs
 stress-ng-sleep-256   [000]   457.317215: sched_wakeup:         comm=stress-ng-sleep pid=254 prio=120 success=1 target_cpu=000
 stress-ng-sleep-256   [000]   457.317270: sched_switch:         prev_comm=stress-ng-sleep prev_pid=256 prev_prio=120 prev_state=x ==> next_comm=stress-ng-sleep next_pid=262 next_prio=120 Latency: 151.875 usecs
 stress-ng-sleep-262   [000]   457.317380: sched_switch:         prev_comm=stress-ng-sleep prev_pid=262 prev_prio=120 prev_state=x ==> next_comm=stress-ng-sleep next_pid=254 next_prio=120 Latency: 165.208 usecs
 stress-ng-sleep-254   [000]   457.317644: sched_wakeup:         comm=trace-cmd pid=252 prio=120 success=1 target_cpu=000
 stress-ng-sleep-254   [000]   457.318071: sched_wakeup:         comm=rcu_sched pid=10 prio=120 success=1 target_cpu=000
 stress-ng-sleep-254   [000]   457.318116: sched_switch:         prev_comm=stress-ng-sleep prev_pid=254 prev_prio=120 prev_state=R ==> next_comm=rcu_sched next_pid=10 next_prio=120 Latency: 45.500 usecs
       rcu_sched-10    [000]   457.318151: sched_switch:         prev_comm=rcu_sched prev_pid=10 prev_prio=120 prev_state=S ==> next_comm=stress-ng-sleep next_pid=254 next_prio=120
 stress-ng-sleep-254   [000]   457.318987: sched_wakeup:         comm=stress-ng pid=253 prio=120 success=1 target_cpu=000
 stress-ng-sleep-254   [000]   457.319003: sched_switch:         prev_comm=stress-ng-sleep prev_pid=254 prev_prio=120 prev_state=x ==> next_comm=stress-ng next_pid=253 next_prio=120 Latency: 15.542 usecs
       stress-ng-253   [000]   457.320049: sched_wakeup:         comm=rcu_sched pid=10 prio=120 success=1 target_cpu=000
       stress-ng-253   [000]   457.320129: sched_switch:         prev_comm=stress-ng prev_pid=253 prev_prio=120 prev_state=R ==> next_comm=rcu_sched next_pid=10 next_prio=120 Latency: 80.250 usecs
       rcu_sched-10    [000]   457.320162: sched_switch:         prev_comm=rcu_sched prev_pid=10 prev_prio=120 prev_state=S ==> next_comm=stress-ng next_pid=253 next_prio=120
       stress-ng-253   [000]   457.321972: sched_wakeup:         comm=rcu_sched pid=10 prio=120 success=1 target_cpu=000
       stress-ng-253   [000]   457.322017: sched_switch:         prev_comm=stress-ng prev_pid=253 prev_prio=120 prev_state=R ==> next_comm=rcu_sched next_pid=10 next_prio=120 Latency: 45.250 usecs
       rcu_sched-10    [000]   457.322043: sched_switch:         prev_comm=rcu_sched prev_pid=10 prev_prio=120 prev_state=S ==> next_comm=stress-ng next_pid=253 next_prio=120
       stress-ng-253   [000]   457.322728: sched_wakeup:         comm=trace-cmd pid=251 prio=120 success=1 target_cpu=000
       stress-ng-253   [000]   457.322747: sched_switch:         prev_comm=stress-ng prev_pid=253 prev_prio=120 prev_state=x ==> next_comm=trace-cmd next_pid=251 next_prio=120 Latency: 18.792 usecs

Average wakeup latency: 43.460 usecs
Maximum Latency: 1284.250 usecs at timestamp: 447.277206
Minimum Latency: 5.500 usecs at timestamp: 450.062159

RT task timings:

Average wakeup latency: 30.097 usecs
Maximum Latency: 43.375 usecs at timestamp: 452.134482
Minimum Latency: 23.167 usecs at timestamp: 448.134463

