          <idle>-0     [000]  1442.763156: sched_switch:         prev_comm=swapper/0 prev_pid=0 prev_prio=120 prev_state=R ==> next_comm=trace-cmd next_pid=714 next_prio=120 Latency: 15.208 usecs
       trace-cmd-714   [000]  1442.763185: sched_switch:         prev_comm=trace-cmd prev_pid=714 prev_prio=120 prev_state=S ==> next_comm=swapper/0 next_pid=0 next_prio=120
          <idle>-0     [000]  1442.763352: sched_wakeup:         comm=rcu_sched pid=10 prio=120 success=1 target_cpu=000
          <idle>-0     [000]  1442.763407: sched_switch:         prev_comm=swapper/0 prev_pid=0 prev_prio=120 prev_state=R ==> next_comm=rcu_sched next_pid=10 next_prio=120 Latency: 55.083 usecs
       rcu_sched-10    [000]  1442.763427: sched_switch:         prev_comm=rcu_sched prev_pid=10 prev_prio=120 prev_state=S ==> next_comm=swapper/0 next_pid=0 next_prio=120
          <idle>-0     [000]  1442.763892: sched_wakeup:         comm=stress-ng-sleep pid=723 prio=120 success=1 target_cpu=000
          <idle>-0     [000]  1442.763907: sched_switch:         prev_comm=swapper/0 prev_pid=0 prev_prio=120 prev_state=R ==> next_comm=stress-ng-sleep next_pid=723 next_prio=120 Latency: 15.292 usecs
 stress-ng-sleep-723   [000]  1442.764005: sched_wakeup:         comm=stress-ng-sleep pid=719 prio=120 success=1 target_cpu=000
 stress-ng-sleep-723   [000]  1442.764078: sched_switch:         prev_comm=stress-ng-sleep prev_pid=723 prev_prio=120 prev_state=x ==> next_comm=stress-ng-sleep next_pid=719 next_prio=120 Latency: 73.375 usecs
 stress-ng-sleep-719   [000]  1442.764200: sched_switch:         prev_comm=stress-ng-sleep prev_pid=719 prev_prio=120 prev_state=x ==> next_comm=swapper/0 next_pid=0 next_prio=120
          <idle>-0     [000]  1442.764245: sched_wakeup:         comm=trace-cmd pid=714 prio=120 success=1 target_cpu=000
          <idle>-0     [000]  1442.764262: sched_switch:         prev_comm=swapper/0 prev_pid=0 prev_prio=120 prev_state=R ==> next_comm=trace-cmd next_pid=714 next_prio=120 Latency: 17.125 usecs
       trace-cmd-714   [000]  1442.764307: sched_switch:         prev_comm=trace-cmd prev_pid=714 prev_prio=120 prev_state=S ==> next_comm=swapper/0 next_pid=0 next_prio=120
          <idle>-0     [000]  1442.765008: sched_wakeup:         comm=stress-ng-sleep pid=720 prio=120 success=1 target_cpu=000
          <idle>-0     [000]  1442.765023: sched_switch:         prev_comm=swapper/0 prev_pid=0 prev_prio=120 prev_state=R ==> next_comm=stress-ng-sleep next_pid=720 next_prio=120 Latency: 15.042 usecs
 stress-ng-sleep-720   [000]  1442.765148: sched_switch:         prev_comm=stress-ng-sleep prev_pid=720 prev_prio=120 prev_state=x ==> next_comm=swapper/0 next_pid=0 next_prio=120
          <idle>-0     [000]  1442.765272: sched_wakeup:         comm=stress-ng-sleep pid=718 prio=120 success=1 target_cpu=000
          <idle>-0     [000]  1442.765303: sched_wakeup:         comm=stress-ng-sleep pid=727 prio=120 success=1 target_cpu=000
          <idle>-0     [000]  1442.765323: sched_wakeup:         comm=rcu_sched pid=10 prio=120 success=1 target_cpu=000
          <idle>-0     [000]  1442.765354: sched_wakeup:         comm=trace-cmd pid=714 prio=120 success=1 target_cpu=000
          <idle>-0     [000]  1442.765397: sched_switch:         prev_comm=swapper/0 prev_pid=0 prev_prio=120 prev_state=R ==> next_comm=rcu_sched next_pid=10 next_prio=120 Latency: 73.541 usecs
       rcu_sched-10    [000]  1442.765422: sched_switch:         prev_comm=rcu_sched prev_pid=10 prev_prio=120 prev_state=S ==> next_comm=stress-ng-sleep next_pid=718 next_prio=120 Latency: 150.041 usecs
 stress-ng-sleep-718   [000]  1442.765504: sched_wakeup:         comm=stress-ng-sleep pid=716 prio=120 success=1 target_cpu=000
 stress-ng-sleep-718   [000]  1442.765558: sched_switch:         prev_comm=stress-ng-sleep prev_pid=718 prev_prio=120 prev_state=x ==> next_comm=stress-ng-sleep next_pid=727 next_prio=120 Latency: 255.584 usecs
 stress-ng-sleep-727   [000]  1442.765675: sched_switch:         prev_comm=stress-ng-sleep prev_pid=727 prev_prio=120 prev_state=x ==> next_comm=stress-ng-sleep next_pid=716 next_prio=120 Latency: 171.666 usecs
 stress-ng-sleep-716   [000]  1442.767322: sched_wakeup:         comm=rcu_sched pid=10 prio=120 success=1 target_cpu=000
 stress-ng-sleep-716   [000]  1442.767595: sched_switch:         prev_comm=stress-ng-sleep prev_pid=716 prev_prio=120 prev_state=R ==> next_comm=rcu_sched next_pid=10 next_prio=120 Latency: 273.125 usecs
       rcu_sched-10    [000]  1442.767635: sched_switch:         prev_comm=rcu_sched prev_pid=10 prev_prio=120 prev_state=S ==> next_comm=stress-ng-sleep next_pid=716 next_prio=120
 stress-ng-sleep-716   [000]  1442.767696: sched_wakeup:         comm=stress-ng pid=715 prio=120 success=1 target_cpu=000
 stress-ng-sleep-716   [000]  1442.767709: sched_switch:         prev_comm=stress-ng-sleep prev_pid=716 prev_prio=120 prev_state=x ==> next_comm=stress-ng next_pid=715 next_prio=120 Latency: 13.167 usecs
       stress-ng-715   [000]  1442.769269: sched_wakeup:         comm=rcu_sched pid=10 prio=120 success=1 target_cpu=000
       stress-ng-715   [000]  1442.769370: sched_switch:         prev_comm=stress-ng prev_pid=715 prev_prio=120 prev_state=R ==> next_comm=rcu_sched next_pid=10 next_prio=120 Latency: 100.875 usecs
       rcu_sched-10    [000]  1442.769404: sched_switch:         prev_comm=rcu_sched prev_pid=10 prev_prio=120 prev_state=S ==> next_comm=stress-ng next_pid=715 next_prio=120
       stress-ng-715   [000]  1442.771197: sched_wakeup:         comm=rcu_sched pid=10 prio=120 success=1 target_cpu=000
       stress-ng-715   [000]  1442.771247: sched_switch:         prev_comm=stress-ng prev_pid=715 prev_prio=120 prev_state=R ==> next_comm=rcu_sched next_pid=10 next_prio=120 Latency: 49.208 usecs
       rcu_sched-10    [000]  1442.771276: sched_switch:         prev_comm=rcu_sched prev_pid=10 prev_prio=120 prev_state=S ==> next_comm=trace-cmd next_pid=714 next_prio=120 Latency: 5922.208 usecs
       trace-cmd-714   [000]  1442.771563: sched_switch:         prev_comm=trace-cmd prev_pid=714 prev_prio=120 prev_state=S ==> next_comm=stress-ng next_pid=715 next_prio=120
       stress-ng-715   [000]  1442.771788: sched_wakeup:         comm=trace-cmd pid=713 prio=120 success=1 target_cpu=000
       stress-ng-715   [000]  1442.771803: sched_switch:         prev_comm=stress-ng prev_pid=715 prev_prio=120 prev_state=x ==> next_comm=trace-cmd next_pid=713 next_prio=120 Latency: 14.875 usecs

Average wakeup latency: 92.636 usecs
Maximum Latency: 15379.791 usecs at timestamp: 1438.671396
Minimum Latency: 5.375 usecs at timestamp: 1438.372705

RT task timings:

Average wakeup latency: 37.187 usecs
Maximum Latency: 49.541 usecs at timestamp: 1440.134489
Minimum Latency: 24.834 usecs at timestamp: 1436.134466

