          <idle>-0     [000]  3726.753596: sched_wakeup:         comm=rcu_sched pid=10 prio=120 success=1 target_cpu=000
          <idle>-0     [000]  3726.753608: sched_switch:         prev_comm=swapper/0 prev_pid=0 prev_prio=120 prev_state=R ==> next_comm=rcu_sched next_pid=10 next_prio=120 Latency: 12.292 usecs
       rcu_sched-10    [000]  3726.753636: sched_switch:         prev_comm=rcu_sched prev_pid=10 prev_prio=120 prev_state=S ==> next_comm=swapper/0 next_pid=0 next_prio=120
          <idle>-0     [000]  3726.754566: sched_wakeup:         comm=trace-cmd pid=2037 prio=120 success=1 target_cpu=000
          <idle>-0     [000]  3726.754586: sched_switch:         prev_comm=swapper/0 prev_pid=0 prev_prio=120 prev_state=R ==> next_comm=trace-cmd next_pid=2037 next_prio=120 Latency: 19.416 usecs
       trace-cmd-2037  [000]  3726.754772: sched_switch:         prev_comm=trace-cmd prev_pid=2037 prev_prio=120 prev_state=S ==> next_comm=swapper/0 next_pid=0 next_prio=120
          <idle>-0     [000]  3726.755547: sched_wakeup:         comm=rcu_sched pid=10 prio=120 success=1 target_cpu=000
          <idle>-0     [000]  3726.755590: sched_switch:         prev_comm=swapper/0 prev_pid=0 prev_prio=120 prev_state=R ==> next_comm=rcu_sched next_pid=10 next_prio=120 Latency: 42.875 usecs
       rcu_sched-10    [000]  3726.755608: sched_switch:         prev_comm=rcu_sched prev_pid=10 prev_prio=120 prev_state=S ==> next_comm=swapper/0 next_pid=0 next_prio=120
          <idle>-0     [000]  3726.755820: sched_wakeup:         comm=trace-cmd pid=2037 prio=120 success=1 target_cpu=000
          <idle>-0     [000]  3726.755835: sched_switch:         prev_comm=swapper/0 prev_pid=0 prev_prio=120 prev_state=R ==> next_comm=trace-cmd next_pid=2037 next_prio=120 Latency: 14.750 usecs
       trace-cmd-2037  [000]  3726.755871: sched_switch:         prev_comm=trace-cmd prev_pid=2037 prev_prio=120 prev_state=S ==> next_comm=swapper/0 next_pid=0 next_prio=120
          <idle>-0     [000]  3726.756687: sched_wakeup:         comm=stress-ng-sleep pid=2050 prio=120 success=1 target_cpu=000
          <idle>-0     [000]  3726.756703: sched_switch:         prev_comm=swapper/0 prev_pid=0 prev_prio=120 prev_state=R ==> next_comm=stress-ng-sleep next_pid=2050 next_prio=120 Latency: 15.541 usecs
 stress-ng-sleep-2050  [000]  3726.756852: sched_switch:         prev_comm=stress-ng-sleep prev_pid=2050 prev_prio=120 prev_state=x ==> next_comm=swapper/0 next_pid=0 next_prio=120
          <idle>-0     [000]  3726.756928: sched_wakeup:         comm=trace-cmd pid=2037 prio=120 success=1 target_cpu=000
          <idle>-0     [000]  3726.756947: sched_switch:         prev_comm=swapper/0 prev_pid=0 prev_prio=120 prev_state=R ==> next_comm=trace-cmd next_pid=2037 next_prio=120 Latency: 18.250 usecs
       trace-cmd-2037  [000]  3726.756988: sched_switch:         prev_comm=trace-cmd prev_pid=2037 prev_prio=120 prev_state=S ==> next_comm=swapper/0 next_pid=0 next_prio=120
          <idle>-0     [000]  3726.757496: sched_wakeup:         comm=rcu_sched pid=10 prio=120 success=1 target_cpu=000
          <idle>-0     [000]  3726.757532: sched_switch:         prev_comm=swapper/0 prev_pid=0 prev_prio=120 prev_state=R ==> next_comm=rcu_sched next_pid=10 next_prio=120 Latency: 36.875 usecs
       rcu_sched-10    [000]  3726.757556: sched_switch:         prev_comm=rcu_sched prev_pid=10 prev_prio=120 prev_state=S ==> next_comm=swapper/0 next_pid=0 next_prio=120
          <idle>-0     [000]  3726.757904: sched_wakeup:         comm=stress-ng-sleep pid=2044 prio=120 success=1 target_cpu=000
          <idle>-0     [000]  3726.757919: sched_switch:         prev_comm=swapper/0 prev_pid=0 prev_prio=120 prev_state=R ==> next_comm=stress-ng-sleep next_pid=2044 next_prio=120 Latency: 15.333 usecs
 stress-ng-sleep-2044  [000]  3726.758002: sched_wakeup:         comm=stress-ng-sleep pid=2039 prio=120 success=1 target_cpu=000
 stress-ng-sleep-2044  [000]  3726.758041: sched_wakeup:         comm=trace-cmd pid=2037 prio=120 success=1 target_cpu=000
 stress-ng-sleep-2044  [000]  3726.758081: sched_switch:         prev_comm=stress-ng-sleep prev_pid=2044 prev_prio=120 prev_state=x ==> next_comm=stress-ng-sleep next_pid=2039 next_prio=120 Latency: 79.041 usecs
 stress-ng-sleep-2039  [000]  3726.759500: sched_wakeup:         comm=rcu_sched pid=10 prio=120 success=1 target_cpu=000
 stress-ng-sleep-2039  [000]  3726.759535: sched_switch:         prev_comm=stress-ng-sleep prev_pid=2039 prev_prio=120 prev_state=R ==> next_comm=rcu_sched next_pid=10 next_prio=120 Latency: 34.916 usecs
       rcu_sched-10    [000]  3726.759567: sched_switch:         prev_comm=rcu_sched prev_pid=10 prev_prio=120 prev_state=S ==> next_comm=stress-ng-sleep next_pid=2039 next_prio=120
 stress-ng-sleep-2039  [000]  3726.761033: sched_wakeup:         comm=stress-ng pid=2038 prio=120 success=1 target_cpu=000
 stress-ng-sleep-2039  [000]  3726.761057: sched_switch:         prev_comm=stress-ng-sleep prev_pid=2039 prev_prio=120 prev_state=x ==> next_comm=stress-ng next_pid=2038 next_prio=120 Latency: 24.625 usecs
       stress-ng-2038  [000]  3726.761454: sched_wakeup:         comm=rcu_sched pid=10 prio=120 success=1 target_cpu=000
       stress-ng-2038  [000]  3726.761739: sched_switch:         prev_comm=stress-ng prev_pid=2038 prev_prio=120 prev_state=R ==> next_comm=rcu_sched next_pid=10 next_prio=120 Latency: 284.375 usecs
       rcu_sched-10    [000]  3726.761778: sched_switch:         prev_comm=rcu_sched prev_pid=10 prev_prio=120 prev_state=S ==> next_comm=stress-ng next_pid=2038 next_prio=120
       stress-ng-2038  [000]  3726.763385: sched_wakeup:         comm=rcu_sched pid=10 prio=120 success=1 target_cpu=000
       stress-ng-2038  [000]  3726.763435: sched_switch:         prev_comm=stress-ng prev_pid=2038 prev_prio=120 prev_state=R ==> next_comm=rcu_sched next_pid=10 next_prio=120 Latency: 49.416 usecs
       rcu_sched-10    [000]  3726.763460: sched_switch:         prev_comm=rcu_sched prev_pid=10 prev_prio=120 prev_state=S ==> next_comm=stress-ng next_pid=2038 next_prio=120
       stress-ng-2038  [000]  3726.764827: sched_wakeup:         comm=trace-cmd pid=2036 prio=120 success=1 target_cpu=000
       stress-ng-2038  [000]  3726.764846: sched_switch:         prev_comm=stress-ng prev_pid=2038 prev_prio=120 prev_state=x ==> next_comm=trace-cmd next_pid=2036 next_prio=120 Latency: 18.417 usecs

Average wakeup latency: 299.280 usecs
Maximum Latency: 27994.750 usecs at timestamp: 3721.719831
Minimum Latency: 5.333 usecs at timestamp: 3725.587551

RT task timings:

Average wakeup latency: 52.103 usecs
Maximum Latency: 76.791 usecs at timestamp: 3720.134516
Minimum Latency: 27.416 usecs at timestamp: 3724.134472

