          <idle>-0     [000]  2036.257322: sched_switch:         prev_comm=swapper/0 prev_pid=0 prev_prio=120 prev_state=R ==> next_comm=trace-cmd next_pid=1029 next_prio=120 Latency: 24.417 usecs
       trace-cmd-1029  [000]  2036.257361: sched_switch:         prev_comm=trace-cmd prev_pid=1029 prev_prio=120 prev_state=S ==> next_comm=swapper/0 next_pid=0 next_prio=120
          <idle>-0     [000]  2036.257504: sched_wakeup:         comm=rcu_sched pid=10 prio=120 success=1 target_cpu=000
          <idle>-0     [000]  2036.257562: sched_switch:         prev_comm=swapper/0 prev_pid=0 prev_prio=120 prev_state=R ==> next_comm=rcu_sched next_pid=10 next_prio=120 Latency: 57.792 usecs
       rcu_sched-10    [000]  2036.257583: sched_switch:         prev_comm=rcu_sched prev_pid=10 prev_prio=120 prev_state=S ==> next_comm=swapper/0 next_pid=0 next_prio=120
          <idle>-0     [000]  2036.258415: sched_wakeup:         comm=trace-cmd pid=1029 prio=120 success=1 target_cpu=000
          <idle>-0     [000]  2036.258430: sched_switch:         prev_comm=swapper/0 prev_pid=0 prev_prio=120 prev_state=R ==> next_comm=trace-cmd next_pid=1029 next_prio=120 Latency: 14.916 usecs
       trace-cmd-1029  [000]  2036.258464: sched_switch:         prev_comm=trace-cmd prev_pid=1029 prev_prio=120 prev_state=S ==> next_comm=swapper/0 next_pid=0 next_prio=120
          <idle>-0     [000]  2036.259520: sched_wakeup:         comm=trace-cmd pid=1029 prio=120 success=1 target_cpu=000
          <idle>-0     [000]  2036.259542: sched_switch:         prev_comm=swapper/0 prev_pid=0 prev_prio=120 prev_state=R ==> next_comm=trace-cmd next_pid=1029 next_prio=120 Latency: 22.333 usecs
       trace-cmd-1029  [000]  2036.259577: sched_switch:         prev_comm=trace-cmd prev_pid=1029 prev_prio=120 prev_state=S ==> next_comm=swapper/0 next_pid=0 next_prio=120
          <idle>-0     [000]  2036.260629: sched_wakeup:         comm=trace-cmd pid=1029 prio=120 success=1 target_cpu=000
          <idle>-0     [000]  2036.260648: sched_switch:         prev_comm=swapper/0 prev_pid=0 prev_prio=120 prev_state=R ==> next_comm=trace-cmd next_pid=1029 next_prio=120 Latency: 19.625 usecs
       trace-cmd-1029  [000]  2036.260679: sched_switch:         prev_comm=trace-cmd prev_pid=1029 prev_prio=120 prev_state=S ==> next_comm=swapper/0 next_pid=0 next_prio=120
          <idle>-0     [000]  2036.261737: sched_wakeup:         comm=trace-cmd pid=1029 prio=120 success=1 target_cpu=000
          <idle>-0     [000]  2036.261756: sched_switch:         prev_comm=swapper/0 prev_pid=0 prev_prio=120 prev_state=R ==> next_comm=trace-cmd next_pid=1029 next_prio=120 Latency: 19.542 usecs
       trace-cmd-1029  [000]  2036.261787: sched_switch:         prev_comm=trace-cmd prev_pid=1029 prev_prio=120 prev_state=S ==> next_comm=swapper/0 next_pid=0 next_prio=120
          <idle>-0     [000]  2036.262606: sched_wakeup:         comm=stress-ng-sleep pid=1047 prio=120 success=1 target_cpu=000
          <idle>-0     [000]  2036.262621: sched_switch:         prev_comm=swapper/0 prev_pid=0 prev_prio=120 prev_state=R ==> next_comm=stress-ng-sleep next_pid=1047 next_prio=120 Latency: 15.084 usecs
 stress-ng-sleep-1047  [000]  2036.262746: sched_wakeup:         comm=stress-ng-sleep pid=1031 prio=120 success=1 target_cpu=000
 stress-ng-sleep-1047  [000]  2036.262845: sched_wakeup:         comm=trace-cmd pid=1029 prio=120 success=1 target_cpu=000
 stress-ng-sleep-1047  [000]  2036.262867: sched_switch:         prev_comm=stress-ng-sleep prev_pid=1047 prev_prio=120 prev_state=x ==> next_comm=stress-ng-sleep next_pid=1031 next_prio=120 Latency: 121.125 usecs
 stress-ng-sleep-1031  [000]  2036.263405: sched_wakeup:         comm=kworker/0:1H pid=72 prio=100 success=1 target_cpu=000
 stress-ng-sleep-1031  [000]  2036.263426: sched_wakeup:         comm=rcu_sched pid=10 prio=120 success=1 target_cpu=000
 stress-ng-sleep-1031  [000]  2036.263439: sched_switch:         prev_comm=stress-ng-sleep prev_pid=1031 prev_prio=120 prev_state=R ==> next_comm=kworker/0:1H next_pid=72 next_prio=100 Latency: 34.625 usecs
    kworker/0:1H-72    [000]  2036.263458: sched_wakeup:         comm=mmcqd/0 pid=71 prio=120 success=1 target_cpu=000
    kworker/0:1H-72    [000]  2036.263471: sched_switch:         prev_comm=kworker/0:1H prev_pid=72 prev_prio=100 prev_state=S ==> next_comm=rcu_sched next_pid=10 next_prio=120 Latency: 45.417 usecs
       rcu_sched-10    [000]  2036.263495: sched_switch:         prev_comm=rcu_sched prev_pid=10 prev_prio=120 prev_state=S ==> next_comm=mmcqd/0 next_pid=71 next_prio=120 Latency: 36.334 usecs
         mmcqd/0-71    [000]  2036.263715: sched_switch:         prev_comm=mmcqd/0 prev_pid=71 prev_prio=120 prev_state=D ==> next_comm=stress-ng-sleep next_pid=1031 next_prio=120
 stress-ng-sleep-1031  [000]  2036.264904: sched_wakeup:         comm=stress-ng pid=1030 prio=120 success=1 target_cpu=000
 stress-ng-sleep-1031  [000]  2036.264924: sched_switch:         prev_comm=stress-ng-sleep prev_pid=1031 prev_prio=120 prev_state=x ==> next_comm=stress-ng next_pid=1030 next_prio=120 Latency: 19.291 usecs
       stress-ng-1030  [000]  2036.265369: sched_wakeup:         comm=rcu_sched pid=10 prio=120 success=1 target_cpu=000
       stress-ng-1030  [000]  2036.265606: sched_switch:         prev_comm=stress-ng prev_pid=1030 prev_prio=120 prev_state=R ==> next_comm=rcu_sched next_pid=10 next_prio=120 Latency: 237.375 usecs
       rcu_sched-10    [000]  2036.265644: sched_switch:         prev_comm=rcu_sched prev_pid=10 prev_prio=120 prev_state=S ==> next_comm=stress-ng next_pid=1030 next_prio=120
       stress-ng-1030  [000]  2036.267297: sched_wakeup:         comm=rcu_sched pid=10 prio=120 success=1 target_cpu=000
       stress-ng-1030  [000]  2036.267363: sched_switch:         prev_comm=stress-ng prev_pid=1030 prev_prio=120 prev_state=R ==> next_comm=rcu_sched next_pid=10 next_prio=120 Latency: 65.916 usecs
       rcu_sched-10    [000]  2036.267391: sched_switch:         prev_comm=rcu_sched prev_pid=10 prev_prio=120 prev_state=S ==> next_comm=stress-ng next_pid=1030 next_prio=120
       stress-ng-1030  [000]  2036.268701: sched_wakeup:         comm=trace-cmd pid=1028 prio=120 success=1 target_cpu=000
       stress-ng-1030  [000]  2036.268720: sched_switch:         prev_comm=stress-ng prev_pid=1030 prev_prio=120 prev_state=x ==> next_comm=trace-cmd next_pid=1028 next_prio=120 Latency: 18.958 usecs

Average wakeup latency: 123.347 usecs
Maximum Latency: 15860.000 usecs at timestamp: 2033.935109
Minimum Latency: 5.834 usecs at timestamp: 2028.558252

RT task timings:

Average wakeup latency: 36.430 usecs
Maximum Latency: 52.792 usecs at timestamp: 2036.134496
Minimum Latency: 23.667 usecs at timestamp: 2032.134465

