          <idle>-0     [000]  1073.836871: sched_wakeup:         comm=trace-cmd pid=531 prio=120 success=1 target_cpu=000
          <idle>-0     [000]  1073.836891: sched_switch:         prev_comm=swapper/0 prev_pid=0 prev_prio=120 prev_state=R ==> next_comm=trace-cmd next_pid=531 next_prio=120 Latency: 20.584 usecs
       trace-cmd-531   [000]  1073.837040: sched_switch:         prev_comm=trace-cmd prev_pid=531 prev_prio=120 prev_state=S ==> next_comm=swapper/0 next_pid=0 next_prio=120
          <idle>-0     [000]  1073.837579: sched_wakeup:         comm=rcu_sched pid=10 prio=120 success=1 target_cpu=000
          <idle>-0     [000]  1073.837592: sched_switch:         prev_comm=swapper/0 prev_pid=0 prev_prio=120 prev_state=R ==> next_comm=rcu_sched next_pid=10 next_prio=120 Latency: 12.917 usecs
       rcu_sched-10    [000]  1073.837617: sched_switch:         prev_comm=rcu_sched prev_pid=10 prev_prio=120 prev_state=S ==> next_comm=swapper/0 next_pid=0 next_prio=120
          <idle>-0     [000]  1073.838089: sched_wakeup:         comm=trace-cmd pid=531 prio=120 success=1 target_cpu=000
          <idle>-0     [000]  1073.838104: sched_switch:         prev_comm=swapper/0 prev_pid=0 prev_prio=120 prev_state=R ==> next_comm=trace-cmd next_pid=531 next_prio=120 Latency: 15.167 usecs
       trace-cmd-531   [000]  1073.838140: sched_switch:         prev_comm=trace-cmd prev_pid=531 prev_prio=120 prev_state=S ==> next_comm=swapper/0 next_pid=0 next_prio=120
          <idle>-0     [000]  1073.838715: sched_wakeup:         comm=stress-ng-sleep pid=535 prio=120 success=1 target_cpu=000
          <idle>-0     [000]  1073.838730: sched_switch:         prev_comm=swapper/0 prev_pid=0 prev_prio=120 prev_state=R ==> next_comm=stress-ng-sleep next_pid=535 next_prio=120 Latency: 14.500 usecs
 stress-ng-sleep-535   [000]  1073.838823: sched_wakeup:         comm=stress-ng-sleep pid=533 prio=120 success=1 target_cpu=000
 stress-ng-sleep-535   [000]  1073.838885: sched_switch:         prev_comm=stress-ng-sleep prev_pid=535 prev_prio=120 prev_state=x ==> next_comm=stress-ng-sleep next_pid=533 next_prio=120 Latency: 61.583 usecs
 stress-ng-sleep-533   [000]  1073.838921: sched_switch:         prev_comm=stress-ng-sleep prev_pid=533 prev_prio=120 prev_state=S ==> next_comm=swapper/0 next_pid=0 next_prio=120
          <idle>-0     [000]  1073.839197: sched_wakeup:         comm=trace-cmd pid=531 prio=120 success=1 target_cpu=000
          <idle>-0     [000]  1073.839215: sched_switch:         prev_comm=swapper/0 prev_pid=0 prev_prio=120 prev_state=R ==> next_comm=trace-cmd next_pid=531 next_prio=120 Latency: 17.292 usecs
       trace-cmd-531   [000]  1073.839255: sched_switch:         prev_comm=trace-cmd prev_pid=531 prev_prio=120 prev_state=S ==> next_comm=swapper/0 next_pid=0 next_prio=120
          <idle>-0     [000]  1073.839529: sched_wakeup:         comm=rcu_sched pid=10 prio=120 success=1 target_cpu=000
          <idle>-0     [000]  1073.839542: sched_switch:         prev_comm=swapper/0 prev_pid=0 prev_prio=120 prev_state=R ==> next_comm=rcu_sched next_pid=10 next_prio=120 Latency: 13.334 usecs
       rcu_sched-10    [000]  1073.839568: sched_switch:         prev_comm=rcu_sched prev_pid=10 prev_prio=120 prev_state=S ==> next_comm=swapper/0 next_pid=0 next_prio=120
          <idle>-0     [000]  1073.840130: sched_wakeup:         comm=stress-ng-sleep pid=536 prio=120 success=1 target_cpu=000
          <idle>-0     [000]  1073.840146: sched_switch:         prev_comm=swapper/0 prev_pid=0 prev_prio=120 prev_state=R ==> next_comm=stress-ng-sleep next_pid=536 next_prio=120 Latency: 15.583 usecs
 stress-ng-sleep-536   [000]  1073.840224: sched_wakeup:         comm=stress-ng-sleep pid=533 prio=120 success=1 target_cpu=000
 stress-ng-sleep-536   [000]  1073.840279: sched_switch:         prev_comm=stress-ng-sleep prev_pid=536 prev_prio=120 prev_state=x ==> next_comm=stress-ng-sleep next_pid=533 next_prio=120 Latency: 54.583 usecs
 stress-ng-sleep-533   [000]  1073.840309: sched_wakeup:         comm=trace-cmd pid=531 prio=120 success=1 target_cpu=000
 stress-ng-sleep-533   [000]  1073.841531: sched_wakeup:         comm=rcu_sched pid=10 prio=120 success=1 target_cpu=000
 stress-ng-sleep-533   [000]  1073.842111: sched_switch:         prev_comm=stress-ng-sleep prev_pid=533 prev_prio=120 prev_state=R ==> next_comm=rcu_sched next_pid=10 next_prio=120 Latency: 580.042 usecs
       rcu_sched-10    [000]  1073.842151: sched_switch:         prev_comm=rcu_sched prev_pid=10 prev_prio=120 prev_state=S ==> next_comm=stress-ng-sleep next_pid=533 next_prio=120
 stress-ng-sleep-533   [000]  1073.842211: sched_wakeup:         comm=stress-ng pid=532 prio=120 success=1 target_cpu=000
 stress-ng-sleep-533   [000]  1073.842224: sched_switch:         prev_comm=stress-ng-sleep prev_pid=533 prev_prio=120 prev_state=x ==> next_comm=stress-ng next_pid=532 next_prio=120 Latency: 13.209 usecs
       stress-ng-532   [000]  1073.843497: sched_wakeup:         comm=rcu_sched pid=10 prio=120 success=1 target_cpu=000
       stress-ng-532   [000]  1073.843567: sched_switch:         prev_comm=stress-ng prev_pid=532 prev_prio=120 prev_state=R ==> next_comm=rcu_sched next_pid=10 next_prio=120 Latency: 69.250 usecs
       rcu_sched-10    [000]  1073.843604: sched_switch:         prev_comm=rcu_sched prev_pid=10 prev_prio=120 prev_state=S ==> next_comm=stress-ng next_pid=532 next_prio=120
       stress-ng-532   [000]  1073.845402: sched_wakeup:         comm=rcu_sched pid=10 prio=120 success=1 target_cpu=000
       stress-ng-532   [000]  1073.845428: sched_switch:         prev_comm=stress-ng prev_pid=532 prev_prio=120 prev_state=R ==> next_comm=rcu_sched next_pid=10 next_prio=120 Latency: 25.500 usecs
       rcu_sched-10    [000]  1073.845451: sched_switch:         prev_comm=rcu_sched prev_pid=10 prev_prio=120 prev_state=S ==> next_comm=trace-cmd next_pid=531 next_prio=120 Latency: 5142.125 usecs
       trace-cmd-531   [000]  1073.845536: sched_switch:         prev_comm=trace-cmd prev_pid=531 prev_prio=120 prev_state=S ==> next_comm=stress-ng next_pid=532 next_prio=120
       stress-ng-532   [000]  1073.846032: sched_wakeup:         comm=trace-cmd pid=530 prio=120 success=1 target_cpu=000
       stress-ng-532   [000]  1073.846049: sched_switch:         prev_comm=stress-ng prev_pid=532 prev_prio=120 prev_state=x ==> next_comm=trace-cmd next_pid=530 next_prio=120 Latency: 16.875 usecs

Average wakeup latency: 58.802 usecs
Maximum Latency: 5142.125 usecs at timestamp: 1073.845451
Minimum Latency: 5.500 usecs at timestamp: 1065.411768

RT task timings:

Average wakeup latency: 33.472 usecs
Maximum Latency: 51.792 usecs at timestamp: 1068.134489
Minimum Latency: 23.834 usecs at timestamp: 1072.134466

