          <idle>-0     [000]  1036.169602: sched_wakeup:         comm=rcu_sched pid=10 prio=120 success=1 target_cpu=000
          <idle>-0     [000]  1036.169614: sched_switch:         prev_comm=swapper/0 prev_pid=0 prev_prio=120 prev_state=R ==> next_comm=rcu_sched next_pid=10 next_prio=120 Latency: 11.334 usecs
       rcu_sched-10    [000]  1036.169630: sched_switch:         prev_comm=rcu_sched prev_pid=10 prev_prio=120 prev_state=S ==> next_comm=swapper/0 next_pid=0 next_prio=120
          <idle>-0     [000]  1036.170155: sched_wakeup:         comm=trace-cmd pid=512 prio=120 success=1 target_cpu=000
          <idle>-0     [000]  1036.170170: sched_switch:         prev_comm=swapper/0 prev_pid=0 prev_prio=120 prev_state=R ==> next_comm=trace-cmd next_pid=512 next_prio=120 Latency: 14.209 usecs
       trace-cmd-512   [000]  1036.170202: sched_switch:         prev_comm=trace-cmd prev_pid=512 prev_prio=120 prev_state=S ==> next_comm=swapper/0 next_pid=0 next_prio=120
          <idle>-0     [000]  1036.171255: sched_wakeup:         comm=trace-cmd pid=512 prio=120 success=1 target_cpu=000
          <idle>-0     [000]  1036.171269: sched_switch:         prev_comm=swapper/0 prev_pid=0 prev_prio=120 prev_state=R ==> next_comm=trace-cmd next_pid=512 next_prio=120 Latency: 14.500 usecs
       trace-cmd-512   [000]  1036.171299: sched_switch:         prev_comm=trace-cmd prev_pid=512 prev_prio=120 prev_state=S ==> next_comm=swapper/0 next_pid=0 next_prio=120
          <idle>-0     [000]  1036.172355: sched_wakeup:         comm=trace-cmd pid=512 prio=120 success=1 target_cpu=000
          <idle>-0     [000]  1036.172376: sched_switch:         prev_comm=swapper/0 prev_pid=0 prev_prio=120 prev_state=R ==> next_comm=trace-cmd next_pid=512 next_prio=120 Latency: 21.084 usecs
       trace-cmd-512   [000]  1036.172409: sched_switch:         prev_comm=trace-cmd prev_pid=512 prev_prio=120 prev_state=S ==> next_comm=swapper/0 next_pid=0 next_prio=120
          <idle>-0     [000]  1036.173460: sched_wakeup:         comm=trace-cmd pid=512 prio=120 success=1 target_cpu=000
          <idle>-0     [000]  1036.173485: sched_wakeup:         comm=ksoftirqd/0 pid=3 prio=120 success=1 target_cpu=000
          <idle>-0     [000]  1036.173492: sched_switch:         prev_comm=swapper/0 prev_pid=0 prev_prio=120 prev_state=R ==> next_comm=ksoftirqd/0 next_pid=3 next_prio=120 Latency: 6.292 usecs
     ksoftirqd/0-3     [000]  1036.173519: sched_switch:         prev_comm=ksoftirqd/0 prev_pid=3 prev_prio=120 prev_state=S ==> next_comm=trace-cmd next_pid=512 next_prio=120 Latency: 58.750 usecs
       trace-cmd-512   [000]  1036.173551: sched_switch:         prev_comm=trace-cmd prev_pid=512 prev_prio=120 prev_state=S ==> next_comm=swapper/0 next_pid=0 next_prio=120
          <idle>-0     [000]  1036.174466: sched_wakeup:         comm=stress-ng-sleep pid=516 prio=120 success=1 target_cpu=000
          <idle>-0     [000]  1036.174476: sched_wakeup:         comm=stress-ng-sleep pid=517 prio=120 success=1 target_cpu=000
          <idle>-0     [000]  1036.174484: sched_wakeup:         comm=stress-ng-sleep pid=515 prio=120 success=1 target_cpu=000
          <idle>-0     [000]  1036.174503: sched_switch:         prev_comm=swapper/0 prev_pid=0 prev_prio=120 prev_state=R ==> next_comm=stress-ng-sleep next_pid=516 next_prio=120 Latency: 36.666 usecs
 stress-ng-sleep-516   [000]  1036.174615: sched_wakeup:         comm=trace-cmd pid=512 prio=120 success=1 target_cpu=000
 stress-ng-sleep-516   [000]  1036.174662: sched_switch:         prev_comm=stress-ng-sleep prev_pid=516 prev_prio=120 prev_state=x ==> next_comm=stress-ng-sleep next_pid=517 next_prio=120 Latency: 186.292 usecs
 stress-ng-sleep-517   [000]  1036.174775: sched_switch:         prev_comm=stress-ng-sleep prev_pid=517 prev_prio=120 prev_state=x ==> next_comm=stress-ng-sleep next_pid=515 next_prio=120 Latency: 291.167 usecs
 stress-ng-sleep-515   [000]  1036.174851: sched_wakeup:         comm=stress-ng-sleep pid=514 prio=120 success=1 target_cpu=000
 stress-ng-sleep-515   [000]  1036.174900: sched_switch:         prev_comm=stress-ng-sleep prev_pid=515 prev_prio=120 prev_state=x ==> next_comm=stress-ng-sleep next_pid=514 next_prio=120 Latency: 49.083 usecs
 stress-ng-sleep-514   [000]  1036.175497: sched_wakeup:         comm=rcu_sched pid=10 prio=120 success=1 target_cpu=000
 stress-ng-sleep-514   [000]  1036.175533: sched_switch:         prev_comm=stress-ng-sleep prev_pid=514 prev_prio=120 prev_state=R ==> next_comm=rcu_sched next_pid=10 next_prio=120 Latency: 35.625 usecs
       rcu_sched-10    [000]  1036.175560: sched_switch:         prev_comm=rcu_sched prev_pid=10 prev_prio=120 prev_state=S ==> next_comm=stress-ng-sleep next_pid=514 next_prio=120
 stress-ng-sleep-514   [000]  1036.176682: sched_wakeup:         comm=stress-ng pid=513 prio=120 success=1 target_cpu=000
 stress-ng-sleep-514   [000]  1036.176701: sched_switch:         prev_comm=stress-ng-sleep prev_pid=514 prev_prio=120 prev_state=x ==> next_comm=stress-ng next_pid=513 next_prio=120 Latency: 19.750 usecs
       stress-ng-513   [000]  1036.177473: sched_wakeup:         comm=rcu_sched pid=10 prio=120 success=1 target_cpu=000
       stress-ng-513   [000]  1036.177614: sched_switch:         prev_comm=stress-ng prev_pid=513 prev_prio=120 prev_state=R ==> next_comm=rcu_sched next_pid=10 next_prio=120 Latency: 141.500 usecs
       rcu_sched-10    [000]  1036.177654: sched_switch:         prev_comm=rcu_sched prev_pid=10 prev_prio=120 prev_state=S ==> next_comm=stress-ng next_pid=513 next_prio=120
       stress-ng-513   [000]  1036.179395: sched_wakeup:         comm=rcu_sched pid=10 prio=120 success=1 target_cpu=000
       stress-ng-513   [000]  1036.179445: sched_switch:         prev_comm=stress-ng prev_pid=513 prev_prio=120 prev_state=R ==> next_comm=rcu_sched next_pid=10 next_prio=120 Latency: 49.291 usecs
       rcu_sched-10    [000]  1036.179472: sched_switch:         prev_comm=rcu_sched prev_pid=10 prev_prio=120 prev_state=S ==> next_comm=stress-ng next_pid=513 next_prio=120
       stress-ng-513   [000]  1036.180446: sched_wakeup:         comm=trace-cmd pid=511 prio=120 success=1 target_cpu=000
       stress-ng-513   [000]  1036.180469: sched_switch:         prev_comm=stress-ng prev_pid=513 prev_prio=120 prev_state=x ==> next_comm=trace-cmd next_pid=511 next_prio=120 Latency: 23.083 usecs

Average wakeup latency: 74.523 usecs
Maximum Latency: 1747.958 usecs at timestamp: 1033.206995
Minimum Latency: 5.500 usecs at timestamp: 1033.585598

RT task timings:

Average wakeup latency: 35.291 usecs
Maximum Latency: 58.375 usecs at timestamp: 1032.134499
Minimum Latency: 23.708 usecs at timestamp: 1028.134465

