          <idle>-0     [000]   106.677415: sched_wakeup:         comm=rcu_sched pid=10 prio=120 success=1 target_cpu=000
          <idle>-0     [000]   106.677426: sched_switch:         prev_comm=swapper/0 prev_pid=0 prev_prio=120 prev_state=R ==> next_comm=rcu_sched next_pid=10 next_prio=120 Latency: 11.084 usecs
       rcu_sched-10    [000]   106.677444: sched_switch:         prev_comm=rcu_sched prev_pid=10 prev_prio=120 prev_state=S ==> next_comm=swapper/0 next_pid=0 next_prio=120
          <idle>-0     [000]   106.678411: sched_wakeup:         comm=trace-cmd pid=116 prio=120 success=1 target_cpu=000
          <idle>-0     [000]   106.678425: sched_switch:         prev_comm=swapper/0 prev_pid=0 prev_prio=120 prev_state=R ==> next_comm=trace-cmd next_pid=116 next_prio=120 Latency: 14.041 usecs
       trace-cmd-116   [000]   106.678456: sched_switch:         prev_comm=trace-cmd prev_pid=116 prev_prio=120 prev_state=S ==> next_comm=swapper/0 next_pid=0 next_prio=120
          <idle>-0     [000]   106.679512: sched_wakeup:         comm=trace-cmd pid=116 prio=120 success=1 target_cpu=000
          <idle>-0     [000]   106.679533: sched_switch:         prev_comm=swapper/0 prev_pid=0 prev_prio=120 prev_state=R ==> next_comm=trace-cmd next_pid=116 next_prio=120 Latency: 21.375 usecs
       trace-cmd-116   [000]   106.679566: sched_switch:         prev_comm=trace-cmd prev_pid=116 prev_prio=120 prev_state=S ==> next_comm=swapper/0 next_pid=0 next_prio=120
          <idle>-0     [000]   106.680618: sched_wakeup:         comm=trace-cmd pid=116 prio=120 success=1 target_cpu=000
          <idle>-0     [000]   106.680639: sched_switch:         prev_comm=swapper/0 prev_pid=0 prev_prio=120 prev_state=R ==> next_comm=trace-cmd next_pid=116 next_prio=120 Latency: 20.042 usecs
       trace-cmd-116   [000]   106.680669: sched_switch:         prev_comm=trace-cmd prev_pid=116 prev_prio=120 prev_state=S ==> next_comm=swapper/0 next_pid=0 next_prio=120
          <idle>-0     [000]   106.681727: sched_wakeup:         comm=trace-cmd pid=116 prio=120 success=1 target_cpu=000
          <idle>-0     [000]   106.681748: sched_switch:         prev_comm=swapper/0 prev_pid=0 prev_prio=120 prev_state=R ==> next_comm=trace-cmd next_pid=116 next_prio=120 Latency: 21.250 usecs
       trace-cmd-116   [000]   106.681780: sched_switch:         prev_comm=trace-cmd prev_pid=116 prev_prio=120 prev_state=S ==> next_comm=swapper/0 next_pid=0 next_prio=120
          <idle>-0     [000]   106.682833: sched_wakeup:         comm=trace-cmd pid=116 prio=120 success=1 target_cpu=000
          <idle>-0     [000]   106.682853: sched_switch:         prev_comm=swapper/0 prev_pid=0 prev_prio=120 prev_state=R ==> next_comm=trace-cmd next_pid=116 next_prio=120 Latency: 19.750 usecs
       trace-cmd-116   [000]   106.682883: sched_switch:         prev_comm=trace-cmd prev_pid=116 prev_prio=120 prev_state=S ==> next_comm=swapper/0 next_pid=0 next_prio=120
          <idle>-0     [000]   106.683941: sched_wakeup:         comm=trace-cmd pid=116 prio=120 success=1 target_cpu=000
          <idle>-0     [000]   106.683961: sched_switch:         prev_comm=swapper/0 prev_pid=0 prev_prio=120 prev_state=R ==> next_comm=trace-cmd next_pid=116 next_prio=120 Latency: 20.250 usecs
       trace-cmd-116   [000]   106.683991: sched_switch:         prev_comm=trace-cmd prev_pid=116 prev_prio=120 prev_state=S ==> next_comm=swapper/0 next_pid=0 next_prio=120
          <idle>-0     [000]   106.684826: sched_wakeup:         comm=stress-ng-sleep pid=121 prio=120 success=1 target_cpu=000
          <idle>-0     [000]   106.684846: sched_switch:         prev_comm=swapper/0 prev_pid=0 prev_prio=120 prev_state=R ==> next_comm=stress-ng-sleep next_pid=121 next_prio=120 Latency: 19.583 usecs
 stress-ng-sleep-121   [000]   106.684926: sched_wakeup:         comm=stress-ng-sleep pid=118 prio=120 success=1 target_cpu=000
 stress-ng-sleep-121   [000]   106.684990: sched_switch:         prev_comm=stress-ng-sleep prev_pid=121 prev_prio=120 prev_state=x ==> next_comm=stress-ng-sleep next_pid=118 next_prio=120 Latency: 64.208 usecs
 stress-ng-sleep-118   [000]   106.685047: sched_wakeup:         comm=trace-cmd pid=116 prio=120 success=1 target_cpu=000
 stress-ng-sleep-118   [000]   106.685252: sched_wakeup:         comm=rcu_sched pid=10 prio=120 success=1 target_cpu=000
 stress-ng-sleep-118   [000]   106.685278: sched_switch:         prev_comm=stress-ng-sleep prev_pid=118 prev_prio=120 prev_state=R ==> next_comm=rcu_sched next_pid=10 next_prio=120 Latency: 25.375 usecs
       rcu_sched-10    [000]   106.685302: sched_switch:         prev_comm=rcu_sched prev_pid=10 prev_prio=120 prev_state=S ==> next_comm=stress-ng-sleep next_pid=118 next_prio=120
 stress-ng-sleep-118   [000]   106.686332: sched_wakeup:         comm=stress-ng pid=117 prio=120 success=1 target_cpu=000
 stress-ng-sleep-118   [000]   106.686351: sched_switch:         prev_comm=stress-ng-sleep prev_pid=118 prev_prio=120 prev_state=x ==> next_comm=stress-ng next_pid=117 next_prio=120 Latency: 18.792 usecs
       stress-ng-117   [000]   106.687236: sched_wakeup:         comm=rcu_sched pid=10 prio=120 success=1 target_cpu=000
       stress-ng-117   [000]   106.687297: sched_switch:         prev_comm=stress-ng prev_pid=117 prev_prio=120 prev_state=R ==> next_comm=rcu_sched next_pid=10 next_prio=120 Latency: 60.916 usecs
       rcu_sched-10    [000]   106.687332: sched_switch:         prev_comm=rcu_sched prev_pid=10 prev_prio=120 prev_state=S ==> next_comm=stress-ng next_pid=117 next_prio=120
       stress-ng-117   [000]   106.689162: sched_wakeup:         comm=rcu_sched pid=10 prio=120 success=1 target_cpu=000
       stress-ng-117   [000]   106.689201: sched_switch:         prev_comm=stress-ng prev_pid=117 prev_prio=120 prev_state=R ==> next_comm=rcu_sched next_pid=10 next_prio=120 Latency: 38.875 usecs
       rcu_sched-10    [000]   106.689228: sched_switch:         prev_comm=rcu_sched prev_pid=10 prev_prio=120 prev_state=S ==> next_comm=stress-ng next_pid=117 next_prio=120
       stress-ng-117   [000]   106.690052: sched_wakeup:         comm=trace-cmd pid=115 prio=120 success=1 target_cpu=000
       stress-ng-117   [000]   106.690073: sched_switch:         prev_comm=stress-ng prev_pid=117 prev_prio=120 prev_state=x ==> next_comm=trace-cmd next_pid=115 next_prio=120 Latency: 20.333 usecs

Average wakeup latency: 30.333 usecs
Maximum Latency: 1261.875 usecs at timestamp: 96.644351
Minimum Latency: 5.584 usecs at timestamp: 100.390284

RT task timings:

Average wakeup latency: 23.458 usecs
Maximum Latency: 23.541 usecs at timestamp: 104.134465
Minimum Latency: 23.375 usecs at timestamp: 100.134465

