          <idle>-0     [000]   193.750385: sched_switch:         prev_comm=swapper/0 prev_pid=0 prev_prio=120 prev_state=R ==> next_comm=trace-cmd next_pid=149 next_prio=120 Latency: 21.083 usecs
       trace-cmd-149   [000]   193.750417: sched_switch:         prev_comm=trace-cmd prev_pid=149 prev_prio=120 prev_state=S ==> next_comm=swapper/0 next_pid=0 next_prio=120
          <idle>-0     [000]   193.751469: sched_wakeup:         comm=trace-cmd pid=149 prio=120 success=1 target_cpu=000
          <idle>-0     [000]   193.751489: sched_switch:         prev_comm=swapper/0 prev_pid=0 prev_prio=120 prev_state=R ==> next_comm=trace-cmd next_pid=149 next_prio=120 Latency: 19.667 usecs
       trace-cmd-149   [000]   193.751519: sched_switch:         prev_comm=trace-cmd prev_pid=149 prev_prio=120 prev_state=S ==> next_comm=swapper/0 next_pid=0 next_prio=120
          <idle>-0     [000]   193.752577: sched_wakeup:         comm=trace-cmd pid=149 prio=120 success=1 target_cpu=000
          <idle>-0     [000]   193.752598: sched_switch:         prev_comm=swapper/0 prev_pid=0 prev_prio=120 prev_state=R ==> next_comm=trace-cmd next_pid=149 next_prio=120 Latency: 20.791 usecs
       trace-cmd-149   [000]   193.752628: sched_switch:         prev_comm=trace-cmd prev_pid=149 prev_prio=120 prev_state=S ==> next_comm=swapper/0 next_pid=0 next_prio=120
          <idle>-0     [000]   193.753685: sched_wakeup:         comm=trace-cmd pid=149 prio=120 success=1 target_cpu=000
          <idle>-0     [000]   193.753706: sched_switch:         prev_comm=swapper/0 prev_pid=0 prev_prio=120 prev_state=R ==> next_comm=trace-cmd next_pid=149 next_prio=120 Latency: 20.750 usecs
       trace-cmd-149   [000]   193.753738: sched_switch:         prev_comm=trace-cmd prev_pid=149 prev_prio=120 prev_state=S ==> next_comm=swapper/0 next_pid=0 next_prio=120
          <idle>-0     [000]   193.754789: sched_wakeup:         comm=trace-cmd pid=149 prio=120 success=1 target_cpu=000
          <idle>-0     [000]   193.754809: sched_switch:         prev_comm=swapper/0 prev_pid=0 prev_prio=120 prev_state=R ==> next_comm=trace-cmd next_pid=149 next_prio=120 Latency: 19.333 usecs
       trace-cmd-149   [000]   193.754839: sched_switch:         prev_comm=trace-cmd prev_pid=149 prev_prio=120 prev_state=S ==> next_comm=swapper/0 next_pid=0 next_prio=120
          <idle>-0     [000]   193.755725: sched_wakeup:         comm=stress-ng-sleep pid=153 prio=120 success=1 target_cpu=000
          <idle>-0     [000]   193.755744: sched_switch:         prev_comm=swapper/0 prev_pid=0 prev_prio=120 prev_state=R ==> next_comm=stress-ng-sleep next_pid=153 next_prio=120 Latency: 19.417 usecs
 stress-ng-sleep-153   [000]   193.755784: sched_wakeup:         comm=stress-ng-sleep pid=154 prio=120 success=1 target_cpu=000
 stress-ng-sleep-153   [000]   193.755794: sched_wakeup:         comm=stress-ng-sleep pid=155 prio=120 success=1 target_cpu=000
 stress-ng-sleep-153   [000]   193.755864: sched_wakeup:         comm=stress-ng-sleep pid=152 prio=120 success=1 target_cpu=000
 stress-ng-sleep-153   [000]   193.755875: sched_wakeup:         comm=trace-cmd pid=149 prio=120 success=1 target_cpu=000
 stress-ng-sleep-153   [000]   193.756077: sched_switch:         prev_comm=stress-ng-sleep prev_pid=153 prev_prio=120 prev_state=x ==> next_comm=stress-ng-sleep next_pid=154 next_prio=120 Latency: 293.292 usecs
 stress-ng-sleep-154   [000]   193.756200: sched_switch:         prev_comm=stress-ng-sleep prev_pid=154 prev_prio=120 prev_state=x ==> next_comm=stress-ng-sleep next_pid=155 next_prio=120 Latency: 405.291 usecs
 stress-ng-sleep-155   [000]   193.756307: sched_switch:         prev_comm=stress-ng-sleep prev_pid=155 prev_prio=120 prev_state=x ==> next_comm=stress-ng-sleep next_pid=152 next_prio=120 Latency: 442.708 usecs
 stress-ng-sleep-152   [000]   193.756385: sched_wakeup:         comm=stress-ng-sleep pid=151 prio=120 success=1 target_cpu=000
 stress-ng-sleep-152   [000]   193.756436: sched_switch:         prev_comm=stress-ng-sleep prev_pid=152 prev_prio=120 prev_state=x ==> next_comm=stress-ng-sleep next_pid=151 next_prio=120 Latency: 51.542 usecs
 stress-ng-sleep-151   [000]   193.757553: sched_wakeup:         comm=rcu_sched pid=10 prio=120 success=1 target_cpu=000
 stress-ng-sleep-151   [000]   193.757728: sched_switch:         prev_comm=stress-ng-sleep prev_pid=151 prev_prio=120 prev_state=R ==> next_comm=rcu_sched next_pid=10 next_prio=120 Latency: 174.500 usecs
       rcu_sched-10    [000]   193.757765: sched_switch:         prev_comm=rcu_sched prev_pid=10 prev_prio=120 prev_state=S ==> next_comm=stress-ng-sleep next_pid=151 next_prio=120
 stress-ng-sleep-151   [000]   193.757826: sched_wakeup:         comm=stress-ng pid=150 prio=120 success=1 target_cpu=000
 stress-ng-sleep-151   [000]   193.757839: sched_switch:         prev_comm=stress-ng-sleep prev_pid=151 prev_prio=120 prev_state=x ==> next_comm=stress-ng next_pid=150 next_prio=120 Latency: 13.166 usecs
       stress-ng-150   [000]   193.759506: sched_wakeup:         comm=rcu_sched pid=10 prio=120 success=1 target_cpu=000
       stress-ng-150   [000]   193.759584: sched_switch:         prev_comm=stress-ng prev_pid=150 prev_prio=120 prev_state=R ==> next_comm=rcu_sched next_pid=10 next_prio=120 Latency: 78.333 usecs
       rcu_sched-10    [000]   193.759621: sched_switch:         prev_comm=rcu_sched prev_pid=10 prev_prio=120 prev_state=S ==> next_comm=stress-ng next_pid=150 next_prio=120
       stress-ng-150   [000]   193.761433: sched_wakeup:         comm=rcu_sched pid=10 prio=120 success=1 target_cpu=000
       stress-ng-150   [000]   193.761504: sched_switch:         prev_comm=stress-ng prev_pid=150 prev_prio=120 prev_state=R ==> next_comm=rcu_sched next_pid=10 next_prio=120 Latency: 70.917 usecs
       rcu_sched-10    [000]   193.761535: sched_switch:         prev_comm=rcu_sched prev_pid=10 prev_prio=120 prev_state=S ==> next_comm=trace-cmd next_pid=149 next_prio=120 Latency: 5659.417 usecs
       trace-cmd-149   [000]   193.761614: sched_switch:         prev_comm=trace-cmd prev_pid=149 prev_prio=120 prev_state=S ==> next_comm=stress-ng next_pid=150 next_prio=120
       stress-ng-150   [000]   193.761686: sched_wakeup:         comm=trace-cmd pid=148 prio=120 success=1 target_cpu=000
       stress-ng-150   [000]   193.761699: sched_switch:         prev_comm=stress-ng prev_pid=150 prev_prio=120 prev_state=x ==> next_comm=trace-cmd next_pid=148 next_prio=120 Latency: 13.875 usecs

Average wakeup latency: 42.040 usecs
Maximum Latency: 5659.417 usecs at timestamp: 193.761535
Minimum Latency: 5.792 usecs at timestamp: 189.886377

RT task timings:

Average wakeup latency: 23.486 usecs
Maximum Latency: 23.959 usecs at timestamp: 184.134465
Minimum Latency: 22.750 usecs at timestamp: 192.134463

